.\gradlew.bat : 
At line:1 char:34
+ ... gradle.kts; .\gradlew.bat compileDebugKotlin > build_errors.txt 2>&1; ...
+                 ~~~~~~~~~~~~~~~~~~~~~~~~~~~~~~~~~~~~~~~~~~~~~~~~~~~~~~~~
    + CategoryInfo          : NotSpecified: (:String) [], RemoteException
    + FullyQualifiedErrorId : NativeCommandError
 
FAILURE: Build failed with an exception.

* Where:
Build file 'C:\Users\ADMIN\OneDrive\Desktop\DMTUIMAY\PRM\build.gradle.kts' 
line: 2

* What went wrong:
Plugin [id: 'com.android.application', version: '6.0.0', apply: false] was not 
found in any of the following sources:

- Gradle Core Plugins (plugin is not in 'org.gradle' namespace)
- Plugin Repositories (could not resolve plugin artifact 
'com.android.application:com.android.application.gradle.plugin:6.0.0')
  Searched in the following repositories:
    Google
    MavenRepo
    Gradle Central Plugin Repository

* Try:
Run with --stacktrace option to get the stack trace. Run with --info or 
--debug option to get more log output. Run with --scan to get full insights.

* Get more help at https://help.gradle.org

BUILD FAILED in 23s
